2026-05-13T21:40:52.467Z  Mode: APPLY (committing changes)
2026-05-13T21:40:52.726Z  Winner: Lite Brite Perdigon (lite-brite-perdigon)
2026-05-13T21:40:52.855Z  Loser:  Lite Bright Perdigon (lite-bright-perdigon)
2026-05-13T21:40:53.132Z  Winner has 4 variants; loser has 7 variants.
2026-05-13T21:40:53.133Z    Winner variant 875da73b-a7bf-4021-bcea-6baccbaadc91 (size 16) already as good as or better than loser c7a6ca75-4afa-4da9-8040-51b152dd8bc7; no spec copy.
2026-05-13T21:40:53.133Z    Winner variant 875da73b-a7bf-4021-bcea-6baccbaadc91 (size 16) already as good as or better than loser fe06c945-f1a9-4808-8d7a-48f9cca8dadb; no spec copy.
2026-05-13T21:40:53.133Z    Winner variant 875da73b-a7bf-4021-bcea-6baccbaadc91 (size 16) already as good as or better than loser e2aec941-a187-46ee-998a-68ee2cd1593e; no spec copy.
2026-05-13T21:40:53.133Z    Winner variant 9cdcafc0-068f-4285-82d5-c2222643e945 (size 18) already as good as or better than loser c27e9de1-4cc0-4d6b-ac94-3b227b11cd58; no spec copy.
2026-05-13T21:40:53.133Z    Winner variant 5d1a90c5-c087-47e2-9353-2cd22abb894b (size 20) already as good as or better than loser 72531c3a-0919-4b8f-9b06-36e3d7416945; no spec copy.
2026-05-13T21:40:53.133Z    Winner variant 875da73b-a7bf-4021-bcea-6baccbaadc91 (size 16) already as good as or better than loser f267d36c-7a91-46a1-b8dd-346444fffb0a; no spec copy.
2026-05-13T21:40:53.133Z    Winner variant b3db147a-772a-4952-840d-5b70ef76220e (size 14) already as good as or better than loser 2fd8669e-4f73-46a3-8399-dd11c102e438; no spec copy.
2026-05-13T21:40:54.707Z    Re-point 1 catch(es) (was fly_pattern_id=1946f383-832d-46f2-87c9-57cb72c5079b) → canonical_fly_id=1f5c47e1-5b37-4992-a6c7-b1c7e92867b7, fly_name="Lite Brite Perdigon"
2026-05-13T21:40:56.141Z    Move stock row user=e0cb4b66-74eb-4bb9-b793-0445dcf5ec2b 72531c3a-0919-4b8f-9b06-36e3d7416945 → 5d1a90c5-c087-47e2-9353-2cd22abb894b (tied=3)
2026-05-13T21:40:56.532Z    Move stock row user=e0cb4b66-74eb-4bb9-b793-0445dcf5ec2b f267d36c-7a91-46a1-b8dd-346444fffb0a → 875da73b-a7bf-4021-bcea-6baccbaadc91 (tied=3)
2026-05-13T21:40:56.904Z    Move stock row user=e0cb4b66-74eb-4bb9-b793-0445dcf5ec2b 2fd8669e-4f73-46a3-8399-dd11c102e438 → b3db147a-772a-4952-840d-5b70ef76220e (tied=3)
2026-05-13T21:40:57.200Z    Update legacy fly_patterns fork: {"parent_canonical_id":"1f5c47e1-5b37-4992-a6c7-b1c7e92867b7","name":"Lite Brite Perdigon — copper"}
2026-05-13T21:40:57.475Z    Rename fly_patterns_v2 fork: "Lite Bright Perdigon — Yours" → "Lite Brite Perdigon — Yours"
2026-05-13T21:40:58.622Z    (skip guard fly_pattern_submissions.pattern_id=13aee4ea-c434-4d0c-bffc-ec140430dcc8: )
2026-05-13T21:40:58.834Z    (skip guard fly_pattern_submissions.canonical_fly_id=13aee4ea-c434-4d0c-bffc-ec140430dcc8: )
2026-05-13T21:41:02.726Z    Delete 7 orphan loser variants + loser canonical row.
2026-05-13T21:41:04.038Z    Delete legacy fly_patterns row 1946f383-832d-46f2-87c9-57cb72c5079b (Lite Bright Perdigon).
2026-05-13T21:41:04.548Z  
Post-state: 2 fly_patterns_v2 row(s) match "lite br|bright":
2026-05-13T21:41:04.548Z    - Lite Brite Perdigon — Yours (no-slug) owner=e0cb4b66-74eb-4bb9-b793-0445dcf5ec2b
2026-05-13T21:41:04.548Z    - Lite Brite Perdigon (lite-brite-perdigon) owner=canonical
2026-05-13T21:41:04.548Z  
Done (APPLIED).
